9:30am - irctc site went down. - bring up the site in next 30 min

10:00am
11:00am

Logging - tapping/monitoring events at application level. capture every event.
friday - 4am - manager

##
# References: https://docs.python.org/2/howto/logging.html
##


khyaathi@khyaathi-Technologies:~/Documents/tuxfux-hlp-notes/python-notes/batch-62$ sudo tail  -n 100 /var/log/syslog
May 31 18:08:38 khyaathi-Technologies anacron[11040]: Job `cron.daily' terminated
May 31 18:08:38 khyaathi-Technologies anacron[11040]: Normal exit (1 job run)
May 31 18:11:07 khyaathi-Technologies gnome-session[2086]: gnome-session-binary[2086]: GLib-GIO-CRITICAL: g_dbus_connection_call_internal: assertion 'object_path != NULL && g_variant_is_object_path (object_path)' failed
May 31 18:11:07 khyaathi-Technologies gnome-session-binary[2086]: GLib-GIO-CRITICAL: g_dbus_connection_call_internal: assertion 'object_path != NULL && g_variant_is_object_path (object_path)' failed
May 31 18:11:18 khyaathi-Technologies gnome-session[2086]: gnome-session-binary[2086]: GLib-GIO-CRITICAL: g_dbus_connection_call_internal: assertion 'object_path != NULL && g_variant_is_object_path (object_path)' failed
May 31 18:11:18 khyaathi-Technologies gnome-session-binary[2086]: GLib-GIO-CRITICAL: g_dbus_connection_call_internal: assertion 'object_path != NULL && g_variant_is_object_path (object_path)' failed
May 31 18:11:18 khyaathi-Technologies systemd[1525]: Starting Backing Service for the Unity Panel in Lockscreen mode...
May 31 18:11:18 khyaathi-Technologies systemd[1525]: Started Backing Service for the Unity Panel in Lockscreen mode.
May 31 18:11:18 khyaathi-Technologies systemd[1525]: Reached target A target that, when running, represents the screen being locked.

##
#info or debug
##

khyaathi@khyaathi-Technologies:~/Documents/tuxfux-hlp-notes/python-notes/batch-62$ ssh localhost
ssh: connect to host localhost port 22: Connection refused
khyaathi@khyaathi-Technologies:~/Documents/tuxfux-hlp-notes/python-notes/batch-62$ ssh -v localhost
OpenSSH_7.3p1 Ubuntu-1, OpenSSL 1.0.2g  1 Mar 2016
debug1: Reading configuration data /etc/ssh/ssh_config
debug1: /etc/ssh/ssh_config line 19: Applying options for *
debug1: Connecting to localhost [127.0.0.1] port 22.
debug1: connect to address 127.0.0.1 port 22: Connection refused
ssh: connect to host localhost port 22: Connection refused
khyaathi@khyaathi-Technologies:~/Documents/tuxfux-hlp-notes/python-notes/batch-62$ ssh -vv localhost
OpenSSH_7.3p1 Ubuntu-1, OpenSSL 1.0.2g  1 Mar 2016
debug1: Reading configuration data /etc/ssh/ssh_config
debug1: /etc/ssh/ssh_config line 19: Applying options for *
debug2: resolving "localhost" port 22
debug2: ssh_connect_direct: needpriv 0
debug1: Connecting to localhost [127.0.0.1] port 22.
debug1: connect to address 127.0.0.1 port 22: Connection refused
ssh: connect to host localhost port 22: Connection refused
khyaathi@khyaathi-Technologies:~/Documents/tuxfux-hlp-notes/python-notes/batch-62$ ssh -vvv localhost
OpenSSH_7.3p1 Ubuntu-1, OpenSSL 1.0.2g  1 Mar 2016
debug1: Reading configuration data /etc/ssh/ssh_config
debug1: /etc/ssh/ssh_config line 19: Applying options for *
debug2: resolving "localhost" port 22
debug2: ssh_connect_direct: needpriv 0
debug1: Connecting to localhost [127.0.0.1] port 22.
debug1: connect to address 127.0.0.1 port 22: Connection refused
ssh: connect to host localhost port 22: Connection refused
khyaathi@khyaathi-Technologies:~/Documents/tuxfux-hlp-notes/python-notes/batch-62$ 

##
#warning
##

ex:
disk - 80% full - warning - disk is getting filled up.


##
# error
##

ex:
raid disk 
one of disk went bad.
mirror - 2 
MY application is still running.


##
# critical
##

ex:
raid disk 
one of disk went bad.
mirror - 2 
MY application is down.

khyaathi@khyaathi-Technologies:~/Documents/tuxfux-hlp-notes/python-notes/batch-62$ ipython
Python 2.7.12+ (default, Sep 17 2016, 12:08:02) 
Type "copyright", "credits" or "license" for more information.

IPython 2.4.1 -- An enhanced Interactive Python.
?         -> Introduction and overview of IPython's features.
%quickref -> Quick reference.
help      -> Python's own help system.
object?   -> Details about 'object', use 'object??' for extra details.

In [1]: import logging as l

In [2]: l.
l.BASIC_FORMAT        l.Handler             l.StreamHandler       l.critical            l.info                l.shutdown
l.BufferingFormatter  l.INFO                l.WARN                l.currentframe        l.log                 l.sys
l.CRITICAL            l.LogRecord           l.WARNING             l.debug               l.logMultiprocessing  l.thread
l.DEBUG               l.Logger              l.addLevelName        l.disable             l.logProcesses        l.threading
l.ERROR               l.LoggerAdapter       l.atexit              l.error               l.logThreads          l.time
l.FATAL               l.Manager             l.basicConfig         l.exception           l.makeLogRecord       l.traceback
l.FileHandler         l.NOTSET              l.cStringIO           l.fatal               l.os                  l.warn
l.Filter              l.NullHandler         l.captureWarnings     l.getLevelName        l.raiseExceptions     l.warning
l.Filterer            l.PlaceHolder         l.codecs              l.getLogger           l.root                l.warnings
l.Formatter           l.RootLogger          l.collections         l.getLoggerClass      l.setLoggerClass      l.weakref

